// Jest Snapshot v1, https://goo.gl/fbAQLP

exports[`CharacterDetails should render properly 1`] = `
<View>
  <Text>
    Name: 
    testName
  </Text>
  <Text>
    Culture: 
    testCulture
  </Text>
  <Text>
    Gender: 
    Male
  </Text>
  <Text>
    Born: 
    no info
  </Text>
  <RCTScrollView
    ListHeaderComponent={
      <Text
        style={
          Object {
            "fontWeight": "bold",
          }
        }
      >
        Titles: 
      </Text>
    }
    ListHeaderComponentStyle={
      Object {
        "fontSize": 19,
        "fontWeight": "bold",
      }
    }
    data={
      Array [
        "testTitle",
      ]
    }
    disableVirtualization={false}
    getItem={[Function]}
    getItemCount={[Function]}
    horizontal={false}
    initialNumToRender={10}
    keyExtractor={[Function]}
    maxToRenderPerBatch={10}
    numColumns={1}
    onContentSizeChange={[Function]}
    onEndReachedThreshold={2}
    onLayout={[Function]}
    onMomentumScrollEnd={[Function]}
    onScroll={[Function]}
    onScrollBeginDrag={[Function]}
    onScrollEndDrag={[Function]}
    removeClippedSubviews={false}
    renderItem={[Function]}
    scrollEventThrottle={50}
    stickyHeaderIndices={Array []}
    updateCellsBatchingPeriod={50}
    viewabilityConfigCallbackPairs={Array []}
    windowSize={21}
  >
    <View>
      <View
        onLayout={[Function]}
        style={
          Object {
            "fontSize": 19,
            "fontWeight": "bold",
          }
        }
      >
        <Text
          style={
            Object {
              "fontWeight": "bold",
            }
          }
        >
          Titles: 
        </Text>
      </View>
      <View
        onLayout={[Function]}
        style={null}
      >
        <Text>
          testTitle
        </Text>
      </View>
    </View>
  </RCTScrollView>
</View>
`;
